I'm sorry, but errors were detected in your script. Please correct the
errors listed below, and try again.


File "game/character.rpy", line 37: invalid syntax
        def unequip_familiar(pc.familiar):
                                ^
    

Ren'Py Version: Ren'Py 7.1.1.929
Sun Nov 11 11:24:29 2018
